
 RUN  v3.2.4 /app

(node:6021) [DEP0040] DeprecationWarning: The `punycode` module is deprecated. Please use a userland alternative instead.
(Use `node --trace-deprecation ...` to show where the warning was created)
(node:6022) [DEP0040] DeprecationWarning: The `punycode` module is deprecated. Please use a userland alternative instead.
(Use `node --trace-deprecation ...` to show where the warning was created)
(node:6027) [DEP0040] DeprecationWarning: The `punycode` module is deprecated. Please use a userland alternative instead.
(Use `node --trace-deprecation ...` to show where the warning was created)
 ❯ src/test/engine/systems/buyers.test.ts (22 tests | 1 failed) 56ms
   ✓ buyers system > Guild Auditor: Edge Cases > handles an empty pipeline/buyers list safely during updateBuyers 3ms
   × buyers system > Guild Auditor: Edge Cases > calculates fit score correctly with empty project history 35ms
     → expected 65 to be 50 // Object.is equality
   ✓ buyers system > updateBuyers > generates specific headlines for all mandate types 5ms
   ✓ buyers system > updateBuyers > shifts mandate if buyer has no current mandate 1ms
   ✓ buyers system > updateBuyers > shifts mandate if current mandate is expired 1ms
   ✓ buyers system > updateBuyers > shifts mandate early due to random 5% chance 0ms
   ✓ buyers system > updateBuyers > maintains mandate if active and random chance fails 1ms
   ✓ buyers system > calculateFitScore > applies extreme market saturation penalty for 5 or more recent similar projects 1ms
   ✓ buyers system > calculateFitScore > matches genres correctly for sci-fi/fantasy, comedy, and drama 1ms
   ✓ buyers system > calculateFitScore > boosts score for prestige mandate based on budget tiers 0ms
   ✓ buyers system > calculateFitScore > boosts score for broad_appeal mandate with family audience and mid/high budget 1ms
   ✓ buyers system > calculateFitScore > penalizes low budget projects for premium archetype buyers 0ms
   ✓ buyers system > calculateFitScore > applies market saturation penalty for similar projects released within 52 weeks 0ms
   ✓ buyers system > calculateFitScore > returns exactly 65 if buyer has no mandate and no similar projects (early return check) 0ms
   ✓ buyers system > calculateFitScore > applies extreme buzz multipliers correctly with negative buzz 0ms
   ✓ buyers system > calculateFitScore > clamps score between 0 and 100 0ms
   ✓ buyers system > calculateFitScore > handles budget freeze mandate with extreme blockbuster budget 0ms
   ✓ buyers system > calculateFitScore > handles broad appeal mandate with niche indie project 1ms
   ✓ buyers system > calculateFitScore > applies archetype specific penalties (network vs blockbuster) 1ms
   ✓ buyers system > negotiateContract > requires a higher score (65) for upfront contracts 1ms
   ✓ buyers system > negotiateContract > requires a lower score (40) for standard/deficit contracts 1ms
   ✓ buyers system > negotiateContract > tests explicit fit score boundaries for contract acceptance 1ms
stderr | src/test/components/discovery/DiscoveryBoard.test.tsx > DiscoveryBoard > calls acquireOpportunity when Acquire button is clicked on a card
Error: Uncaught [TypeError: acquireOpportunity is not a function]
    at reportException (/app/node_modules/jsdom/lib/jsdom/living/helpers/runtime-script-errors.js:66:24)
    at innerInvokeEventListeners (/app/node_modules/jsdom/lib/jsdom/living/events/EventTarget-impl.js:353:9)
    at invokeEventListeners (/app/node_modules/jsdom/lib/jsdom/living/events/EventTarget-impl.js:286:3)
    at HTMLUnknownElementImpl._dispatch (/app/node_modules/jsdom/lib/jsdom/living/events/EventTarget-impl.js:233:9)
    at HTMLUnknownElementImpl.dispatchEvent (/app/node_modules/jsdom/lib/jsdom/living/events/EventTarget-impl.js:104:17)
    at HTMLUnknownElement.dispatchEvent (/app/node_modules/jsdom/lib/jsdom/living/generated/EventTarget.js:241:34)
    at Object.invokeGuardedCallbackDev (/app/node_modules/react-dom/cjs/react-dom.development.js:4213:16)
    at invokeGuardedCallback (/app/node_modules/react-dom/cjs/react-dom.development.js:4277:31)
    at invokeGuardedCallbackAndCatchFirstError (/app/node_modules/react-dom/cjs/react-dom.development.js:4291:25)
    at executeDispatch (/app/node_modules/react-dom/cjs/react-dom.development.js:9041:3) TypeError: acquireOpportunity is not a function
    at onClick [90m(/app/[39msrc/components/discovery/DiscoveryBoard.tsx:69:214[90m)[39m
    at HTMLUnknownElement.callCallback [90m(/app/[39mnode_modules/[4mreact-dom[24m/cjs/react-dom.development.js:4164:14[90m)[39m
    at HTMLUnknownElement.callTheUserObjectsOperation [90m(/app/[39mnode_modules/[4mjsdom[24m/lib/jsdom/living/generated/EventListener.js:26:30[90m)[39m
    at innerInvokeEventListeners [90m(/app/[39mnode_modules/[4mjsdom[24m/lib/jsdom/living/events/EventTarget-impl.js:350:25[90m)[39m
    at invokeEventListeners [90m(/app/[39mnode_modules/[4mjsdom[24m/lib/jsdom/living/events/EventTarget-impl.js:286:3[90m)[39m
    at HTMLUnknownElementImpl._dispatch [90m(/app/[39mnode_modules/[4mjsdom[24m/lib/jsdom/living/events/EventTarget-impl.js:233:9[90m)[39m
    at HTMLUnknownElementImpl.dispatchEvent [90m(/app/[39mnode_modules/[4mjsdom[24m/lib/jsdom/living/events/EventTarget-impl.js:104:17[90m)[39m
    at HTMLUnknownElement.dispatchEvent [90m(/app/[39mnode_modules/[4mjsdom[24m/lib/jsdom/living/generated/EventTarget.js:241:34[90m)[39m
    at Object.invokeGuardedCallbackDev [90m(/app/[39mnode_modules/[4mreact-dom[24m/cjs/react-dom.development.js:4213:16[90m)[39m
    at invokeGuardedCallback [90m(/app/[39mnode_modules/[4mreact-dom[24m/cjs/react-dom.development.js:4277:31[90m)[39m
Error: Uncaught [TypeError: acquireOpportunity is not a function]
    at reportException (/app/node_modules/jsdom/lib/jsdom/living/helpers/runtime-script-errors.js:66:24)
    at innerInvokeEventListeners (/app/node_modules/jsdom/lib/jsdom/living/events/EventTarget-impl.js:353:9)
    at invokeEventListeners (/app/node_modules/jsdom/lib/jsdom/living/events/EventTarget-impl.js:286:3)
    at HTMLButtonElementImpl._dispatch (/app/node_modules/jsdom/lib/jsdom/living/events/EventTarget-impl.js:233:9)
    at HTMLButtonElementImpl.dispatchEvent (/app/node_modules/jsdom/lib/jsdom/living/events/EventTarget-impl.js:104:17)
    at HTMLButtonElement.dispatchEvent (/app/node_modules/jsdom/lib/jsdom/living/generated/EventTarget.js:241:34)
    at /app/node_modules/@testing-library/dom/dist/events.js:19:20
    at /app/node_modules/@testing-library/react/dist/pure.js:107:16
    at /app/node_modules/@testing-library/react/dist/act-compat.js:47:24
    at act (/app/node_modules/react/cjs/react.development.js:2512:16) TypeError: acquireOpportunity is not a function
    at onClick [90m(/app/[39msrc/components/discovery/DiscoveryBoard.tsx:69:214[90m)[39m
    at HTMLUnknownElement.callCallback [90m(/app/[39mnode_modules/[4mreact-dom[24m/cjs/react-dom.development.js:4164:14[90m)[39m
    at HTMLUnknownElement.callTheUserObjectsOperation [90m(/app/[39mnode_modules/[4mjsdom[24m/lib/jsdom/living/generated/EventListener.js:26:30[90m)[39m
    at innerInvokeEventListeners [90m(/app/[39mnode_modules/[4mjsdom[24m/lib/jsdom/living/events/EventTarget-impl.js:350:25[90m)[39m
    at invokeEventListeners [90m(/app/[39mnode_modules/[4mjsdom[24m/lib/jsdom/living/events/EventTarget-impl.js:286:3[90m)[39m
    at HTMLUnknownElementImpl._dispatch [90m(/app/[39mnode_modules/[4mjsdom[24m/lib/jsdom/living/events/EventTarget-impl.js:233:9[90m)[39m
    at HTMLUnknownElementImpl.dispatchEvent [90m(/app/[39mnode_modules/[4mjsdom[24m/lib/jsdom/living/events/EventTarget-impl.js:104:17[90m)[39m
    at HTMLUnknownElement.dispatchEvent [90m(/app/[39mnode_modules/[4mjsdom[24m/lib/jsdom/living/generated/EventTarget.js:241:34[90m)[39m
    at Object.invokeGuardedCallbackDev [90m(/app/[39mnode_modules/[4mreact-dom[24m/cjs/react-dom.development.js:4213:16[90m)[39m
    at invokeGuardedCallback [90m(/app/[39mnode_modules/[4mreact-dom[24m/cjs/react-dom.development.js:4277:31[90m)[39m

 ❯ src/test/components/discovery/DiscoveryBoard.test.tsx (4 tests | 2 failed) 141ms
   ✓ DiscoveryBoard > renders empty state when there are no opportunities 68ms
   ✓ DiscoveryBoard > calls openCreateProject when Create Original button is clicked 13ms
   × DiscoveryBoard > renders opportunity cards when there are opportunities 30ms
     → Unable to find an element with the text: Action • FILM • high budget. This could be because the text is broken up by multiple elements. In this case, you can provide a function for your text matcher to make your matcher more flexible.

Ignored nodes: comments, script, style
[36m<body>[39m
  [36m<div>[39m
    [36m<div[39m
      [33mclass[39m=[32m"space-y-6 animate-in fade-in slide-in-from-bottom-4 duration-500"[39m
    [36m>[39m
      [36m<div[39m
        [33mclass[39m=[32m"flex items-center justify-between"[39m
      [36m>[39m
        [36m<h2[39m
          [33mclass[39m=[32m"font-display text-2xl font-black bg-clip-text text-transparent bg-gradient-to-r from-foreground to-foreground/70 tracking-tight"[39m
        [36m>[39m
          [0mDiscovery Market[0m
        [36m</h2>[39m
        [36m<button[39m
          [33mclass[39m=[32m"inline-flex items-center justify-center whitespace-nowrap text-sm ring-offset-background focus-visible:outline-none focus-visible:ring-2 focus-visible:ring-ring focus-visible:ring-offset-2 disabled:pointer-events-none disabled:opacity-50 [&_svg]:pointer-events-none [&_svg]:size-4 [&_svg]:shrink-0 bg-primary text-primary-foreground hover:bg-primary/90 h-9 rounded-md px-3 font-display gap-1.5 font-bold hover:scale-105 transition-transform active:scale-95 shadow-sm hover:shadow-[0_0_15px_rgba(234,179,8,0.3)]"[39m
        [36m>[39m
          [36m<svg[39m
            [33mclass[39m=[32m"lucide lucide-plus h-4 w-4"[39m
            [33mfill[39m=[32m"none"[39m
            [33mheight[39m=[32m"24"[39m
            [33mstroke[39m=[32m"currentColor"[39m
            [33mstroke-linecap[39m=[32m"round"[39m
            [33mstroke-linejoin[39m=[32m"round"[39m
            [33mstroke-width[39m=[32m"2"[39m
            [33mviewBox[39m=[32m"0 0 24 24"[39m
            [33mwidth[39m=[32m"24"[39m
            [33mxmlns[39m=[32m"http://www.w3.org/2000/svg"[39m
          [36m>[39m
            [36m<path[39m
              [33md[39m=[32m"M5 12h14"[39m
            [36m/>[39m
            [36m<path[39m
              [33md[39m=[32m"M12 5v14"[39m
            [36m/>[39m
          [36m</svg>[39m
          [0mCreate Original[0m
        [36m</button>[39m
      [36m</div>[39m
      [36m<div[39m
        [33mclass[39m=[32m"grid grid-cols-2 lg:grid-cols-3 gap-5"[39m
      [36m>[39m
        [36m<div[39m
          [33mclass[39m=[32m"bg-card/40 backdrop-blur-md rounded-xl border border-border/60 p-5 shadow-sm hover:shadow-xl hover:-translate-y-1 hover:border-primary/50 transition-all duration-300 flex flex-col justify-between h-full group relative overflow-hidden"[39m
        [36m>[39m
          [36m<div[39m
            [33mclass[39m=[32m"absolute inset-0 bg-gradient-to-br from-primary/5 via-transparent to-transparent opacity-0 group-hover:opacity-100 transition-opacity duration-500 pointer-events-none"[39m
          [36m/>[39m
          [36m<div[39m
            [33mclass[39m=[32m"space-y-3 relative z-10"[39m
          [36m>[39m
            [36m<div[39m
              [33mclass[39m=[32m"flex justify-between items-start gap-3"[39m
            [36m>[39m
              [36m<h3[39m
                [33mclass[39m=[32m"font-display font-bold text-foreground leading-tight group-hover:text-primary transition-colors drop-shadow-sm"[39m
                [33mtitle[39m=[32m"Action Movie"[39m
              [36m>[39m
                [0mAction Movie[0m
              [36m</h3>[39m
              [36m<span[39m
                [33mclass[39m=[32m"shrink-0 text-[10px] font-bold tracking-widest uppercase px-2 py-0.5 rounded-md bg-muted/60 border border-border/50 text-muted-foreground shadow-sm group-hover:border-primary/30 transition-colors"[39m
              [36m>[39m
                [0mscript[0m
              [36m</span>[39m
            [36m</div>[39m
            [36m<div[39m
              [33mclass[39m=[32m"flex flex-col gap-0.5"[39m
            [36m>[39m
              [36m<p[39m
                [33mclass[39m=[32m"text-xs font-medium text-muted-foreground/90"[39m
              [36m>[39m
                [0mAction[0m
                [0m [0m
                [36m<span[39m
                  [33mclass[39m=[32m"text-muted-foreground/50 mx-1"[39m
                [36m>[39m
                  [0m•[0m
                [36m</span>[39m
                [0m [0m
                [0mFILM[0m
              [36m</p>[39m
              [36m<p[39m
                [33mclass[39m=[32m"text-[11px] font-semibold text-secondary"[39m
              [36m>[39m
                [0mHIGH[0m
                [0m BUDGET[0m
              [36m</p>[39m
            [36m</div>[39m
            [36m<div[39m
              [33mclass[39m=[32m"text-xs bg-muted/30 p-2.5 rounded-md italic text-foreground/80 border-l-2 border-primary/40 leading-relaxed shadow-inner"[39m
            [36m>[39m
              [0m"[0m
              [0mExplosions everywhere.[0m
              [0m"[0m
            [36m</div>[39m
          [36m</div>[39m
          [36m<div[39m
            [33mclass[39m=[32m"mt-5 pt-3 border-t border-border/50 flex justify-between items-center relative z-10"[39m
          [36m>[39m
            [36m<div[39m
              [33mclass[39m=[32m"text-[11px] font-medium text-muted-foreground flex items-center gap-1.5"[39m
            [36m>[39m
              [36m<span[39m
                [33mclass[39m=[32m"w-1.5 h-1.5 rounded-full bg-warning animate-pulse shadow-[0_0_5px_rgba(250,204,21,0.5)]"[39m
              [36m/>[39m
              [0m5[0m
              [0m weeks left[0m
            [36m</div>[39m
            [36m<button[39m
              [33mclass[39m=[32m"inline-flex items-center justify-center gap-2 whitespace-nowrap ring-offset-background focus-visible:outline-none focus-visible:ring-2 focus-visible:ring-ring focus-visible:ring-offset-2 disabled:pointer-events-none disabled:opacity-50 [&_svg]:pointer-events-none [&_svg]:size-4 [&_svg]:shrink-0 bg-secondary text-secondary-foreground rounded-md h-8 text-[11px] px-4 font-bold hover:bg-primary hover:text-primary-foreground transition-colors hover:shadow-[0_0_10px_rgba(234,179,8,0.4)]"[39m
            [36m>[39m
              [0mAcquire[0m
            [36m</button>[39m
          [36m</div>[39m
        [36m</div>[39m
        [36m<div[39m
          [33mclass[39m=[32m"bg-card/40 backdrop-blur-md rounded-xl border border-border/60 p-5 shadow-sm hover:shadow-xl hover:-translate-y-1 hover:border-primary/50 transition-all duration-300 flex flex-col justify-between h-full group relative overflow-hidden"[39m
        [36m>[39m
          [36m<div[39m
            [33mclass[39m=[32m"absolute inset-0 bg-gradient-to-br from-primary/5 via-transparent to-transparent opacity-0 group-hover:opacity-100 transition-opacity duration-500 pointer-events-none"[39m
          [36m/>[39m
          [36m<div[39m
            [33mclass[39m=[32m"space-y-3 relative z-10"[39m
          [36m>[39m
            [36m<div[39m
              [33mclass[39m=[32m"flex justify-between items-start gap-3"[39m
            [36m>[39m
              [36m<h3[39m
                [33mclass[39m=[32m"font-display font-bold text-foreground leading-tight group-hover:text-primary transition-colors drop-shadow-sm"[39m
                [33mtitle[39m=[32m"Comedy Show"[39m
              [36m>[39m
                [0mComedy Show[0m
              [36m</h3>[39m
              [36m<span[39m
                [33mclass[39m=[32m"shrink-0 text-[10px] font-bold tracking-widest uppercase px-2 py-0.5 rounded-md bg-muted/60 border border-border/50 text-muted-foreground shadow-sm group-hover:border-primary/30 transition-colors"[39m
              [36m>[39m
                [0mpitch[0m
              [36m</span>[39m
            [36m</div>[39m
            [36m<div[39m
              [33mclass[39m=[32m"flex flex-col gap-0.5"[39m
            [36m>[39m
              [36m<p[39m
                [33mclass[39m=[32m"text-xs font-medium text-muted-foreground/90"[39m
              [36m>[39m
                [0mComedy[0m
                [0m [0m
                [36m<span[39m
                  [33mclass[39m=[32m"text-muted-foreground/50 mx-1"[39m
                [36m>[39m
                  [0m•[0m
                [36m</span>[39m
                [0m [0m
                [0mTV[0m
              [36m</p>[39m
              [36m<p[39m
                [33mclass[39m=[32m"text-[11px] font-semibold text-secondary"[39m
              [36m>[39m
                [0mLOW[0m
                [0m BUDGET[0m
              [36m</p>[39m
            [36m</div>[39m
            [36m<div[39m
              [33mclass[39m=[32m"text-xs bg-muted/30 p-2.5 rounded-md italic text-foreground/80 border-l-2 border-primary/40 leading-relaxed shadow-inner"[39m
            [36m>[39m
              [0m"[0m
              [0mLaugh out loud.[0m
              [0m"[0m
            [36m</div>[39m
          [36m</div>[39m
          [36m<div[39m
            [33mclass[39m=[32m"mt-5 pt-3 border-t border-border/50 flex justify-between items-center relative z-10"[39m
          [36m>[39m
            [36m<div[39m
              [33mclass[39m=[32m"text-[11px] font-medium text-muted-foreground flex items-center gap-1.5"[39m
            [36m>[39m
              [36m<span[39m
                [33mclass[39m=[32m"w-1.5 h-1.5 rounded-full bg-warning animate-pulse shadow-[0_0_5px_rgba(250,204,21,0.5)]"[39m
              [36m/>[39m
              [0m3[0m
              [0m weeks left[0m
            [36m</div>[39m
            [36m<button[39m
              [33mclass[39m=[32m"inline-flex items-center justify-center gap-2 whitespace-nowrap ring-offset-background focus-visible:outline-none focus-visible:ring-2 focus-visible:ring-ring focus-visible:ring-offset-2 disabled:pointer-events-none disabled:opacity-50 [&_svg]:pointer-events-none [&_svg]:size-4 [&_svg]:shrink-0 bg-secondary text-secondary-foreground rounded-md h-8 text-[11px] px-4 font-bold hover:bg-primary hover:text-primary-foreground transition-colors hover:shadow-[0_0_10px_rgba(234,179,8,0.4)]"[39m
            [36m>[39m
              [0mAcquire[0m
            [36m</button>[39m
          [36m</div>[39m
        [36m</div>[39m
      [36m</div>[39m
    [36m</div>[39m
  [36m</div>[39m
[36m</body>[39m
   × DiscoveryBoard > calls acquireOpportunity when Acquire button is clicked on a card 26ms
     → expected "spy" to be called with arguments: [ 'opp-123' ][90m

Number of calls: [1m0[22m
[39m
(node:6083) [DEP0040] DeprecationWarning: The `punycode` module is deprecated. Please use a userland alternative instead.
(Use `node --trace-deprecation ...` to show where the warning was created)
 ❯ src/test/components/talent/TalentPanel.test.tsx (3 tests | 2 failed) 111ms
   ✓ TalentPanel > renders talent roster 63ms
   × TalentPanel > filters talent by role 25ms
     → Unable to find an element with the text: DIRECTOR. This could be because the text is broken up by multiple elements. In this case, you can provide a function for your text matcher to make your matcher more flexible.

Ignored nodes: comments, script, style
[36m<body>[39m
  [36m<div>[39m
    [36m<div[39m
      [33mclass[39m=[32m"space-y-4 h-full flex flex-col animate-in fade-in slide-in-from-bottom-4 duration-500 pb-12"[39m
    [36m>[39m
      [36m<div[39m
        [33mclass[39m=[32m"flex items-center justify-between pb-2 border-b border-border/40"[39m
      [36m>[39m
        [36m<h2[39m
          [33mclass[39m=[32m"text-2xl font-display font-black tracking-tight bg-clip-text text-transparent bg-gradient-to-r from-foreground to-foreground/70 drop-shadow-sm"[39m
        [36m>[39m
          [0mTalent Roster[0m
        [36m</h2>[39m
        [36m<div[39m
          [33mclass[39m=[32m"flex gap-2 flex-wrap justify-end"[39m
        [36m>[39m
          [36m<button[39m
            [33mclass[39m=[32m"px-3.5 py-1.5 text-[10px] uppercase tracking-wider font-black rounded-full transition-all duration-300 focus-visible:outline-none focus-visible:ring-2 focus-visible:ring-ring focus-visible:ring-offset-2 ring-offset-background bg-primary text-primary-foreground shadow-[0_0_15px_rgba(234,179,8,0.4)] scale-105 border border-primary/50"[39m
          [36m>[39m
            [0mall[0m
          [36m</button>[39m
          [36m<button[39m
            [33mclass[39m=[32m"px-3.5 py-1.5 text-[10px] uppercase tracking-wider font-black rounded-full transition-all duration-300 focus-visible:outline-none focus-visible:ring-2 focus-visible:ring-ring focus-visible:ring-offset-2 ring-offset-background bg-muted/50 text-muted-foreground hover:bg-secondary/20 hover:text-foreground hover:-translate-y-0.5 border border-transparent hover:border-secondary/30"[39m
          [36m>[39m
            [0mactor[0m
          [36m</button>[39m
          [36m<button[39m
            [33mclass[39m=[32m"px-3.5 py-1.5 text-[10px] uppercase tracking-wider font-black rounded-full transition-all duration-300 focus-visible:outline-none focus-visible:ring-2 focus-visible:ring-ring focus-visible:ring-offset-2 ring-offset-background bg-muted/50 text-muted-foreground hover:bg-secondary/20 hover:text-foreground hover:-translate-y-0.5 border border-transparent hover:border-secondary/30"[39m
          [36m>[39m
            [0mdirector[0m
          [36m</button>[39m
          [36m<button[39m
            [33mclass[39m=[32m"px-3.5 py-1.5 text-[10px] uppercase tracking-wider font-black rounded-full transition-all duration-300 focus-visible:outline-none focus-visible:ring-2 focus-visible:ring-ring focus-visible:ring-offset-2 ring-offset-background bg-muted/50 text-muted-foreground hover:bg-secondary/20 hover:text-foreground hover:-translate-y-0.5 border border-transparent hover:border-secondary/30"[39m
          [36m>[39m
            [0mwriter[0m
          [36m</button>[39m
          [36m<button[39m
            [33mclass[39m=[32m"px-3.5 py-1.5 text-[10px] uppercase tracking-wider font-black rounded-full transition-all duration-300 focus-visible:outline-none focus-visible:ring-2 focus-visible:ring-ring focus-visible:ring-offset-2 ring-offset-background bg-muted/50 text-muted-foreground hover:bg-secondary/20 hover:text-foreground hover:-translate-y-0.5 border border-transparent hover:border-secondary/30"[39m
          [36m>[39m
            [0mproducer[0m
          [36m</button>[39m
          [36m<button[39m
            [33mclass[39m=[32m"px-3.5 py-1.5 text-[10px] uppercase tracking-wider font-black rounded-full transition-all duration-300 focus-visible:outline-none focus-visible:ring-2 focus-visible:ring-ring focus-visible:ring-offset-2 ring-offset-background bg-muted/50 text-muted-foreground hover:bg-secondary/20 hover:text-foreground hover:-translate-y-0.5 border border-transparent hover:border-secondary/30"[39m
          [36m>[39m
            [0mshowrunner[0m
          [36m</button>[39m
        [36m</div>[39m
      [36m</div>[39m
      [36m<div[39m
        [33mclass[39m=[32m"grid grid-cols-1 md:grid-cols-2 lg:grid-cols-3 xl:grid-cols-4 gap-4 overflow-y-auto pb-6 custom-scrollbar pr-2"[39m
      [36m>[39m
        [36m<div[39m
          [33mclass[39m=[32m"p-4 rounded-xl border border-primary/50 shadow-[0_0_20px_rgba(234,179,8,0.15)] bg-card/80 bg-gradient-to-br from-primary/10 to-transparent backdrop-blur-md hover:shadow-[0_8px_30px_rgb(0,0,0,0.12)] hover:border-primary/50 hover:-translate-y-1 transition-all duration-300 space-y-3.5 group relative overflow-hidden cursor-pointer"[39m
        [36m>[39m
          [36m<div[39m
            [33mclass[39m=[32m"absolute inset-0 bg-gradient-to-br from-primary/5 via-transparent to-transparent opacity-0 group-hover:opacity-100 transition-opacity duration-500 pointer-events-none"[39m
          [36m/>[39m
          [36m<div[39m
            [33mclass[39m=[32m"flex items-start justify-between gap-2 relative z-10"[39m
          [36m>[39m
            [36m<div[39m
              [33mclass[39m=[32m"flex flex-col gap-1"[39m
            [36m>[39m
              [36m<h4[39m
                [33mclass[39m=[32m"font-display font-bold text-[15px] text-foreground leading-tight group-hover:text-primary transition-colors drop-shadow-sm"[39m
              [36m>[39m
                [0mTom Hanks[0m
              [36m</h4>[39m
              [36m<div[39m
                [33mclass[39m=[32m"flex flex-wrap gap-1.5"[39m
              [36m>[39m
                [36m<span[39m
                  [33mclass[39m=[32m"text-[9px] font-black tracking-widest text-secondary uppercase drop-shadow-[0_0_2px_rgba(255,161,22,0.4)]"[39m
                [36m>[39m
                  [0ma-list[0m
                [36m</span>[39m
                [36m<span[39m
                  [33mclass[39m=[32m"text-[9px] font-bold tracking-widest text-muted-foreground/80 uppercase bg-background/50 backdrop-blur-sm px-1.5 py-0.5 rounded border border-border/40 shadow-sm group-hover:border-primary/20 transition-colors"[39m
                [36m>[39m
                  [0mCAA[0m
                [36m</span>[39m
              [36m</div>[39m
            [36m</div>[39m
            [36m<div[39m
              [33mclass[39m=[32m"inline-flex items-center rounded-full border px-2.5 py-0.5 focus:outline-none focus:ring-2 focus:ring-ring focus:ring-offset-2 text-[9px] font-black tracking-widest uppercase shrink-0 bg-background/80 backdrop-blur-md border-border/50 text-foreground/80 group-hover:border-primary/30 transition-colors shadow-sm"[39m
            [36m>[39m
              [0mactor[0m
            [36m</div>[39m
          [36m</div>[39m
          [36m<div[39m
            [33mclass[39m=[32m"grid grid-cols-2 gap-3 text-xs pt-3 border-t border-border/40 relative z-10"[39m
          [36m>[39m
            [36m<div[39m
              [33mclass[39m=[32m"space-y-1"[39m
            [36m>[39m
              [36m<div[39m
                [33mclass[39m=[32m"text-[10px] uppercase font-bold tracking-wider text-mute...
   × TalentPanel > shows empty state when no talent matches filter 20ms
     → Unable to find an element with the text: WRITER. This could be because the text is broken up by multiple elements. In this case, you can provide a function for your text matcher to make your matcher more flexible.

Ignored nodes: comments, script, style
[36m<body>[39m
  [36m<div>[39m
    [36m<div[39m
      [33mclass[39m=[32m"space-y-4 h-full flex flex-col animate-in fade-in slide-in-from-bottom-4 duration-500 pb-12"[39m
    [36m>[39m
      [36m<div[39m
        [33mclass[39m=[32m"flex items-center justify-between pb-2 border-b border-border/40"[39m
      [36m>[39m
        [36m<h2[39m
          [33mclass[39m=[32m"text-2xl font-display font-black tracking-tight bg-clip-text text-transparent bg-gradient-to-r from-foreground to-foreground/70 drop-shadow-sm"[39m
        [36m>[39m
          [0mTalent Roster[0m
        [36m</h2>[39m
        [36m<div[39m
          [33mclass[39m=[32m"flex gap-2 flex-wrap justify-end"[39m
        [36m>[39m
          [36m<button[39m
            [33mclass[39m=[32m"px-3.5 py-1.5 text-[10px] uppercase tracking-wider font-black rounded-full transition-all duration-300 focus-visible:outline-none focus-visible:ring-2 focus-visible:ring-ring focus-visible:ring-offset-2 ring-offset-background bg-primary text-primary-foreground shadow-[0_0_15px_rgba(234,179,8,0.4)] scale-105 border border-primary/50"[39m
          [36m>[39m
            [0mall[0m
          [36m</button>[39m
          [36m<button[39m
            [33mclass[39m=[32m"px-3.5 py-1.5 text-[10px] uppercase tracking-wider font-black rounded-full transition-all duration-300 focus-visible:outline-none focus-visible:ring-2 focus-visible:ring-ring focus-visible:ring-offset-2 ring-offset-background bg-muted/50 text-muted-foreground hover:bg-secondary/20 hover:text-foreground hover:-translate-y-0.5 border border-transparent hover:border-secondary/30"[39m
          [36m>[39m
            [0mactor[0m
          [36m</button>[39m
          [36m<button[39m
            [33mclass[39m=[32m"px-3.5 py-1.5 text-[10px] uppercase tracking-wider font-black rounded-full transition-all duration-300 focus-visible:outline-none focus-visible:ring-2 focus-visible:ring-ring focus-visible:ring-offset-2 ring-offset-background bg-muted/50 text-muted-foreground hover:bg-secondary/20 hover:text-foreground hover:-translate-y-0.5 border border-transparent hover:border-secondary/30"[39m
          [36m>[39m
            [0mdirector[0m
          [36m</button>[39m
          [36m<button[39m
            [33mclass[39m=[32m"px-3.5 py-1.5 text-[10px] uppercase tracking-wider font-black rounded-full transition-all duration-300 focus-visible:outline-none focus-visible:ring-2 focus-visible:ring-ring focus-visible:ring-offset-2 ring-offset-background bg-muted/50 text-muted-foreground hover:bg-secondary/20 hover:text-foreground hover:-translate-y-0.5 border border-transparent hover:border-secondary/30"[39m
          [36m>[39m
            [0mwriter[0m
          [36m</button>[39m
          [36m<button[39m
            [33mclass[39m=[32m"px-3.5 py-1.5 text-[10px] uppercase tracking-wider font-black rounded-full transition-all duration-300 focus-visible:outline-none focus-visible:ring-2 focus-visible:ring-ring focus-visible:ring-offset-2 ring-offset-background bg-muted/50 text-muted-foreground hover:bg-secondary/20 hover:text-foreground hover:-translate-y-0.5 border border-transparent hover:border-secondary/30"[39m
          [36m>[39m
            [0mproducer[0m
          [36m</button>[39m
          [36m<button[39m
            [33mclass[39m=[32m"px-3.5 py-1.5 text-[10px] uppercase tracking-wider font-black rounded-full transition-all duration-300 focus-visible:outline-none focus-visible:ring-2 focus-visible:ring-ring focus-visible:ring-offset-2 ring-offset-background bg-muted/50 text-muted-foreground hover:bg-secondary/20 hover:text-foreground hover:-translate-y-0.5 border border-transparent hover:border-secondary/30"[39m
          [36m>[39m
            [0mshowrunner[0m
          [36m</button>[39m
        [36m</div>[39m
      [36m</div>[39m
      [36m<div[39m
        [33mclass[39m=[32m"grid grid-cols-1 md:grid-cols-2 lg:grid-cols-3 xl:grid-cols-4 gap-4 overflow-y-auto pb-6 custom-scrollbar pr-2"[39m
      [36m>[39m
        [36m<div[39m
          [33mclass[39m=[32m"p-4 rounded-xl border border-primary/50 shadow-[0_0_20px_rgba(234,179,8,0.15)] bg-card/80 bg-gradient-to-br from-primary/10 to-transparent backdrop-blur-md hover:shadow-[0_8px_30px_rgb(0,0,0,0.12)] hover:border-primary/50 hover:-translate-y-1 transition-all duration-300 space-y-3.5 group relative overflow-hidden cursor-pointer"[39m
        [36m>[39m
          [36m<div[39m
            [33mclass[39m=[32m"absolute inset-0 bg-gradient-to-br from-primary/5 via-transparent to-transparent opacity-0 group-hover:opacity-100 transition-opacity duration-500 pointer-events-none"[39m
          [36m/>[39m
          [36m<div[39m
            [33mclass[39m=[32m"flex items-start justify-between gap-2 relative z-10"[39m
          [36m>[39m
            [36m<div[39m
              [33mclass[39m=[32m"flex flex-col gap-1"[39m
            [36m>[39m
              [36m<h4[39m
                [33mclass[39m=[32m"font-display font-bold text-[15px] text-foreground leading-tight group-hover:text-primary transition-colors drop-shadow-sm"[39m
              [36m>[39m
                [0mTom Hanks[0m
              [36m</h4>[39m
              [36m<div[39m
                [33mclass[39m=[32m"flex flex-wrap gap-1.5"[39m
              [36m>[39m
                [36m<span[39m
                  [33mclass[39m=[32m"text-[9px] font-black tracking-widest text-secondary uppercase drop-shadow-[0_0_2px_rgba(255,161,22,0.4)]"[39m
                [36m>[39m
                  [0ma-list[0m
                [36m</span>[39m
                [36m<span[39m
                  [33mclass[39m=[32m"text-[9px] font-bold tracking-widest text-muted-foreground/80 uppercase bg-background/50 backdrop-blur-sm px-1.5 py-0.5 rounded border border-border/40 shadow-sm group-hover:border-primary/20 transition-colors"[39m
                [36m>[39m
                  [0mCAA[0m
                [36m</span>[39m
              [36m</div>[39m
            [36m</div>[39m
            [36m<div[39m
              [33mclass[39m=[32m"inline-flex items-center rounded-full border px-2.5 py-0.5 focus:outline-none focus:ring-2 focus:ring-ring focus:ring-offset-2 text-[9px] font-black tracking-widest uppercase shrink-0 bg-background/80 backdrop-blur-md border-border/50 text-foreground/80 group-hover:border-primary/30 transition-colors shadow-sm"[39m
            [36m>[39m
              [0mactor[0m
            [36m</div>[39m
          [36m</div>[39m
          [36m<div[39m
            [33mclass[39m=[32m"grid grid-cols-2 gap-3 text-xs pt-3 border-t border-border/40 relative z-10"[39m
          [36m>[39m
            [36m<div[39m
              [33mclass[39m=[32m"space-y-1"[39m
            [36m>[39m
              [36m<div[39m
                [33mclass[39m=[32m"text-[10px] uppercase font-bold tracking-wider text-mute...
 ❯ src/test/engine/systems/greenlight.test.ts (25 tests | 1 failed) 25ms
   ✓ evaluateGreenlight > Base Scoring Mechanics > calculates a baseline score without major modifiers 2ms
   ✓ evaluateGreenlight > Base Scoring Mechanics > applies market saturation penalty for recent similar projects 0ms
   ✓ evaluateGreenlight > Base Scoring Mechanics > applies heavy penalty for oversaturated genres (>= 5 similar) 0ms
   × evaluateGreenlight > Base Scoring Mechanics > doubles penalty for oversaturated Superhero genre 12ms
     → expected false to be true // Object.is equality
   ✓ evaluateGreenlight > Base Scoring Mechanics > applies calendar gap bonus if no similar projects in 52 weeks 1ms
   ✓ evaluateGreenlight > Base Scoring Mechanics > penalizes severe cashflow strain (cash < budget) 0ms
   ✓ evaluateGreenlight > Base Scoring Mechanics > penalizes high financial exposure (cash < budget * 2) 0ms
   ✓ evaluateGreenlight > Base Scoring Mechanics > rewards comfortable cash reserves (cash > budget * 5) 0ms
   ✓ evaluateGreenlight > Base Scoring Mechanics > penalizes unpackaged projects (no talent) 0ms
   ✓ evaluateGreenlight > Base Scoring Mechanics > rewards A-list packages (avg draw > 75) 0ms
   ✓ evaluateGreenlight > Base Scoring Mechanics > rewards high prestige elements (total prestige > 150) 0ms
   ✓ evaluateGreenlight > Base Scoring Mechanics > penalizes poor talent packages (avg draw <= 50) 0ms
   ✓ evaluateGreenlight > Base Scoring Mechanics > rewards exceptional buzz (> 80) 0ms
   ✓ evaluateGreenlight > Base Scoring Mechanics > penalizes very low buzz (< 30) 0ms
   ✓ evaluateGreenlight > Recommendations Matrix and Edge Cases > returns Easy Greenlight for score >= 80 0ms
   ✓ evaluateGreenlight > Recommendations Matrix and Edge Cases > returns Viable with Conditions for 60 <= score < 80 0ms
   ✓ evaluateGreenlight > Recommendations Matrix and Edge Cases > returns Speculative Bet for 40 <= score < 60 on mid budget 0ms
   ✓ evaluateGreenlight > Recommendations Matrix and Edge Cases > returns Dangerous Vanity Play for 40 <= score < 60 on blockbuster/high budget 0ms
   ✓ evaluateGreenlight > Recommendations Matrix and Edge Cases > returns Do Not Greenlight Yet for score < 40 on mid budget 0ms
   ✓ evaluateGreenlight > Recommendations Matrix and Edge Cases > returns Dangerous Vanity Play for score < 40 on blockbuster/high budget 0ms
   ✓ evaluateGreenlight > Extreme Edge Cases (Guild Auditor) > handles negative budget securely without throwing 0ms
   ✓ evaluateGreenlight > Extreme Edge Cases (Guild Auditor) > handles talent with 0 draw but 100 ego/prestige safely 0ms
   ✓ evaluateGreenlight > Extreme Edge Cases (Guild Auditor) > handles an empty pipeline safely (allProjects = []) 1ms
   ✓ evaluateGreenlight > Extreme Edge Cases (Guild Auditor) > bounds extreme negative scores to 0 0ms
   ✓ evaluateGreenlight > Extreme Edge Cases (Guild Auditor) > bounds extreme positive scores to 100 0ms
(node:6103) [DEP0040] DeprecationWarning: The `punycode` module is deprecated. Please use a userland alternative instead.
(Use `node --trace-deprecation ...` to show where the warning was created)
(node:6123) [DEP0040] DeprecationWarning: The `punycode` module is deprecated. Please use a userland alternative instead.
(Use `node --trace-deprecation ...` to show where the warning was created)
(node:6136) [DEP0040] DeprecationWarning: The `punycode` module is deprecated. Please use a userland alternative instead.
(Use `node --trace-deprecation ...` to show where the warning was created)
stderr | src/test/components/modals/ProjectDetailModal.test.tsx > ProjectDetailModal > renders project details when a project is selected
Warning: Missing `Description` or `aria-describedby={undefined}` for {DialogContent}.

stderr | src/test/components/modals/ProjectDetailModal.test.tsx > ProjectDetailModal > shows greenlight button when project needs greenlight
Warning: Missing `Description` or `aria-describedby={undefined}` for {DialogContent}.

stderr | src/test/components/modals/ProjectDetailModal.test.tsx > ProjectDetailModal > shows marketing configuration and handles launch campaign
Warning: Missing `Description` or `aria-describedby={undefined}` for {DialogContent}.

stderr | src/test/components/modals/ProjectDetailModal.test.tsx > ProjectDetailModal > shows renew button for tv project and handles renewal
Warning: Missing `Description` or `aria-describedby={undefined}` for {DialogContent}.

stderr | src/test/components/modals/ProjectDetailModal.test.tsx > ProjectDetailModal > shows develop spinoff button for high revenue projects and handles exploitation
Warning: Missing `Description` or `aria-describedby={undefined}` for {DialogContent}.

 ✓ src/test/components/modals/ProjectDetailModal.test.tsx (6 tests) 563ms
 ✓ src/test/components/modals/PitchProjectModal.test.tsx (8 tests) 2010ms
   ✓ PitchProjectModal > handles a successful pitch  1559ms
 ✓ src/test/components/modals/CreateProjectModal.test.tsx (9 tests) 1522ms
(node:6163) [DEP0040] DeprecationWarning: The `punycode` module is deprecated. Please use a userland alternative instead.
(Use `node --trace-deprecation ...` to show where the warning was created)
stderr | src/test/components/finance/FinancePanel.test.tsx > FinancePanel Component > renders gracefully with null/empty game state
Warning: The tag <stop> is unrecognized in this browser. If you meant to render a React component, start its name with an uppercase letter.
    at stop
    at linearGradient
    at defs
    at div
    at ComposedChart (/app/src/test/components/finance/FinancePanel.test.tsx:19:27)
    at div
    at ResponsiveContainer (/app/src/test/components/finance/FinancePanel.test.tsx:3:33)
    at div
    at /app/src/components/ui/card.tsx:47:71
    at div
    at /app/src/components/ui/card.tsx:7:64
    at div
    at div
    at div
    at FinancePanel (/app/src/components/finance/FinancePanel.tsx:22:48)
Warning: <linearGradient /> is using incorrect casing. Use PascalCase for React components, or lowercase for HTML elements.
    at linearGradient
    at defs
    at div
    at ComposedChart (/app/src/test/components/finance/FinancePanel.test.tsx:19:27)
    at div
    at ResponsiveContainer (/app/src/test/components/finance/FinancePanel.test.tsx:3:33)
    at div
    at /app/src/components/ui/card.tsx:47:71
    at div
    at /app/src/components/ui/card.tsx:7:64
    at div
    at div
    at div
    at FinancePanel (/app/src/components/finance/FinancePanel.tsx:22:48)
Warning: The tag <linearGradient> is unrecognized in this browser. If you meant to render a React component, start its name with an uppercase letter.
    at linearGradient
    at defs
    at div
    at ComposedChart (/app/src/test/components/finance/FinancePanel.test.tsx:19:27)
    at div
    at ResponsiveContainer (/app/src/test/components/finance/FinancePanel.test.tsx:3:33)
    at div
    at /app/src/components/ui/card.tsx:47:71
    at div
    at /app/src/components/ui/card.tsx:7:64
    at div
    at div
    at div
    at FinancePanel (/app/src/components/finance/FinancePanel.tsx:22:48)
Warning: <linearGradient /> is using incorrect casing. Use PascalCase for React components, or lowercase for HTML elements.
    at linearGradient
    at defs
    at div
    at ComposedChart (/app/src/test/components/finance/FinancePanel.test.tsx:19:27)
    at div
    at ResponsiveContainer (/app/src/test/components/finance/FinancePanel.test.tsx:3:33)
    at div
    at /app/src/components/ui/card.tsx:47:71
    at div
    at /app/src/components/ui/card.tsx:7:64
    at div
    at div
    at div
    at FinancePanel (/app/src/components/finance/FinancePanel.tsx:22:48)
Warning: The tag <defs> is unrecognized in this browser. If you meant to render a React component, start its name with an uppercase letter.
    at defs
    at div
    at ComposedChart (/app/src/test/components/finance/FinancePanel.test.tsx:19:27)
    at div
    at ResponsiveContainer (/app/src/test/components/finance/FinancePanel.test.tsx:3:33)
    at div
    at /app/src/components/ui/card.tsx:47:71
    at div
    at /app/src/components/ui/card.tsx:7:64
    at div
    at div
    at div
    at FinancePanel (/app/src/components/finance/FinancePanel.tsx:22:48)

stderr | src/test/components/finance/FinancePanel.test.tsx > FinancePanel Component > renders correctly with positive cash flow and active projects
Warning: <linearGradient /> is using incorrect casing. Use PascalCase for React components, or lowercase for HTML elements.
    at linearGradient
    at defs
    at div
    at ComposedChart (/app/src/test/components/finance/FinancePanel.test.tsx:19:27)
    at div
    at ResponsiveContainer (/app/src/test/components/finance/FinancePanel.test.tsx:3:33)
    at div
    at /app/src/components/ui/card.tsx:47:71
    at div
    at /app/src/components/ui/card.tsx:7:64
    at div
    at div
    at div
    at FinancePanel (/app/src/components/finance/FinancePanel.tsx:22:48)
Warning: <linearGradient /> is using incorrect casing. Use PascalCase for React components, or lowercase for HTML elements.
    at linearGradient
    at defs
    at div
    at ComposedChart (/app/src/test/components/finance/FinancePanel.test.tsx:19:27)
    at div
    at ResponsiveContainer (/app/src/test/components/finance/FinancePanel.test.tsx:3:33)
    at div
    at /app/src/components/ui/card.tsx:47:71
    at div
    at /app/src/components/ui/card.tsx:7:64
    at div
    at div
    at div
    at FinancePanel (/app/src/components/finance/FinancePanel.tsx:22:48)

stderr | src/test/components/finance/FinancePanel.test.tsx > FinancePanel Component > renders correctly with negative cash flow and negative cash
Warning: <linearGradient /> is using incorrect casing. Use PascalCase for React components, or lowercase for HTML elements.
    at linearGradient
    at defs
    at div
    at ComposedChart (/app/src/test/components/finance/FinancePanel.test.tsx:19:27)
    at div
    at ResponsiveContainer (/app/src/test/components/finance/FinancePanel.test.tsx:3:33)
    at div
    at /app/src/components/ui/card.tsx:47:71
    at div
    at /app/src/components/ui/card.tsx:7:64
    at div
    at div
    at div
    at FinancePanel (/app/src/components/finance/FinancePanel.tsx:22:48)
Warning: <linearGradient /> is using incorrect casing. Use PascalCase for React components, or lowercase for HTML elements.
    at linearGradient
    at defs
    at div
    at ComposedChart (/app/src/test/components/finance/FinancePanel.test.tsx:19:27)
    at div
    at ResponsiveContainer (/app/src/test/components/finance/FinancePanel.test.tsx:3:33)
    at div
    at /app/src/components/ui/card.tsx:47:71
    at div
    at /app/src/components/ui/card.tsx:7:64
    at div
    at div
    at div
    at FinancePanel (/app/src/components/finance/FinancePanel.tsx:22:48)

 ✓ src/test/components/finance/FinancePanel.test.tsx (3 tests) 213ms
(node:6183) [DEP0040] DeprecationWarning: The `punycode` module is deprecated. Please use a userland alternative instead.
(Use `node --trace-deprecation ...` to show where the warning was created)
(node:6190) [DEP0040] DeprecationWarning: The `punycode` module is deprecated. Please use a userland alternative instead.
(Use `node --trace-deprecation ...` to show where the warning was created)
(node:6223) [DEP0040] DeprecationWarning: The `punycode` module is deprecated. Please use a userland alternative instead.
(Use `node --trace-deprecation ...` to show where the warning was created)
stderr | src/test/WeekSummaryModal.test.tsx > WeekSummaryModal > renders correctly with positive net financial data
Warning: Missing `Description` or `aria-describedby={undefined}` for {DialogContent}.

 ✓ src/test/components/pipeline/ProjectCard.test.tsx (9 tests) 409ms
stderr | src/test/WeekSummaryModal.test.tsx > WeekSummaryModal > renders correctly with negative net financial data
Warning: Missing `Description` or `aria-describedby={undefined}` for {DialogContent}.

stderr | src/test/WeekSummaryModal.test.tsx > WeekSummaryModal > renders project updates, events, and headlines if they exist
Warning: Missing `Description` or `aria-describedby={undefined}` for {DialogContent}.

stderr | src/test/WeekSummaryModal.test.tsx > WeekSummaryModal > calls closeSummary when the Continue button is clicked
Warning: Missing `Description` or `aria-describedby={undefined}` for {DialogContent}.

 ✓ src/test/WeekSummaryModal.test.tsx (6 tests) 365ms
 ✓ src/test/components/modals/CrisisModal.test.tsx (7 tests) 229ms
(node:6243) [DEP0040] DeprecationWarning: The `punycode` module is deprecated. Please use a userland alternative instead.
(Use `node --trace-deprecation ...` to show where the warning was created)
(node:6263) [DEP0040] DeprecationWarning: The `punycode` module is deprecated. Please use a userland alternative instead.
(Use `node --trace-deprecation ...` to show where the warning was created)
 ✓ src/test/components/pipeline/PipelineBoard.test.tsx (5 tests) 131ms
 ✓ src/test/components/rivals/RivalsPanel.test.tsx (3 tests) 93ms
(node:6283) [DEP0040] DeprecationWarning: The `punycode` module is deprecated. Please use a userland alternative instead.
(Use `node --trace-deprecation ...` to show where the warning was created)
 ✓ src/test/store/gameStore.test.ts (12 tests) 26ms
(node:6303) [DEP0040] DeprecationWarning: The `punycode` module is deprecated. Please use a userland alternative instead.
(Use `node --trace-deprecation ...` to show where the warning was created)
(node:6309) [DEP0040] DeprecationWarning: The `punycode` module is deprecated. Please use a userland alternative instead.
(Use `node --trace-deprecation ...` to show where the warning was created)
(node:6343) [DEP0040] DeprecationWarning: The `punycode` module is deprecated. Please use a userland alternative instead.
(Use `node --trace-deprecation ...` to show where the warning was created)
 ✓ src/test/engine/systems/franchises.test.ts (18 tests) 17ms
stdout | src/test/vitest_temp.test.tsx > ChartStyle Log > logs the innerHTML
XSS innerHTML output:

 [data-chart=test-chart] {
  --color-malicious: red \3C /style>\3C script>alert("xss")\3C /script>\3C style>;
}


.dark [data-chart=test-chart] {
  --color-malicious: red \3C /style>\3C script>alert("xss")\3C /script>\3C style>;
}


 ✓ src/test/chart.test.tsx (1 test) 41ms
 ✓ src/test/vitest_temp.test.tsx (1 test) 40ms
(node:6363) [DEP0040] DeprecationWarning: The `punycode` module is deprecated. Please use a userland alternative instead.
(Use `node --trace-deprecation ...` to show where the warning was created)
 ✓ src/test/engine/systems/crises.test.ts (11 tests) 12ms
(node:6384) [DEP0040] DeprecationWarning: The `punycode` module is deprecated. Please use a userland alternative instead.
(Use `node --trace-deprecation ...` to show where the warning was created)
(node:6383) [DEP0040] DeprecationWarning: The `punycode` module is deprecated. Please use a userland alternative instead.
(Use `node --trace-deprecation ...` to show where the warning was created)
 ✓ src/test/persistence/saveLoad.test.ts (6 tests) 21ms
 ✓ src/test/engine/core/weekAdvance.test.ts (4 tests) 19ms
(node:6424) [DEP0040] DeprecationWarning: The `punycode` module is deprecated. Please use a userland alternative instead.
(Use `node --trace-deprecation ...` to show where the warning was created)
 ✓ src/test/engine/systems/awards.test.ts (17 tests) 21ms
(node:6444) [DEP0040] DeprecationWarning: The `punycode` module is deprecated. Please use a userland alternative instead.
(Use `node --trace-deprecation ...` to show where the warning was created)
(node:6451) [DEP0040] DeprecationWarning: The `punycode` module is deprecated. Please use a userland alternative instead.
(Use `node --trace-deprecation ...` to show where the warning was created)
 ✓ src/test/engine/systems/TalentSystem.test.ts (15 tests) 20ms
 ✓ src/test/engine/systems/projects.test.ts (32 tests) 16ms
(node:6484) [DEP0040] DeprecationWarning: The `punycode` module is deprecated. Please use a userland alternative instead.
(Use `node --trace-deprecation ...` to show where the warning was created)
(node:6504) [DEP0040] DeprecationWarning: The `punycode` module is deprecated. Please use a userland alternative instead.
(Use `node --trace-deprecation ...` to show where the warning was created)
 ✓ src/test/engine/systems/releaseSimulation.test.ts (22 tests) 15ms
 ✓ src/test/engine/utils.test.ts (26 tests) 11ms
(node:6511) [DEP0040] DeprecationWarning: The `punycode` module is deprecated. Please use a userland alternative instead.
(Use `node --trace-deprecation ...` to show where the warning was created)
 ✓ src/test/engine/generators/talent.test.ts (6 tests) 11ms
(node:6544) [DEP0040] DeprecationWarning: The `punycode` module is deprecated. Please use a userland alternative instead.
(Use `node --trace-deprecation ...` to show where the warning was created)
 ✓ src/test/engine/generators/agencies.test.ts (6 tests) 9ms
(node:6561) [DEP0040] DeprecationWarning: The `punycode` module is deprecated. Please use a userland alternative instead.
(Use `node --trace-deprecation ...` to show where the warning was created)
(node:6583) [DEP0040] DeprecationWarning: The `punycode` module is deprecated. Please use a userland alternative instead.
(Use `node --trace-deprecation ...` to show where the warning was created)
 ✓ src/test/engine/systems/stats.test.ts (11 tests) 8ms
 ✓ src/test/engine/generators/headlines.test.ts (4 tests) 9ms
(node:6604) [DEP0040] DeprecationWarning: The `punycode` module is deprecated. Please use a userland alternative instead.
(Use `node --trace-deprecation ...` to show where the warning was created)
 ✓ src/test/engine/systems/unscripted.test.ts (1 test) 10ms
(node:6624) [DEP0040] DeprecationWarning: The `punycode` module is deprecated. Please use a userland alternative instead.
(Use `node --trace-deprecation ...` to show where the warning was created)
(node:6631) [DEP0040] DeprecationWarning: The `punycode` module is deprecated. Please use a userland alternative instead.
(Use `node --trace-deprecation ...` to show where the warning was created)
 ✓ src/test/engine/core/gameInit.test.ts (1 test) 9ms
 ✓ src/test/engine/generators/opportunities.test.ts (4 tests) 11ms
(node:6664) [DEP0040] DeprecationWarning: The `punycode` module is deprecated. Please use a userland alternative instead.
(Use `node --trace-deprecation ...` to show where the warning was created)
 ✓ src/test/engine/systems/finance.test.ts (15 tests) 8ms
(node:6684) [DEP0040] DeprecationWarning: The `punycode` module is deprecated. Please use a userland alternative instead.
(Use `node --trace-deprecation ...` to show where the warning was created)
(node:6691) [DEP0040] DeprecationWarning: The `punycode` module is deprecated. Please use a userland alternative instead.
(Use `node --trace-deprecation ...` to show where the warning was created)
 ✓ src/test/engine/systems/trends.test.ts (5 tests) 6ms
 ✓ src/test/engine/systems/festivals.test.ts (3 tests) 7ms
(node:6724) [DEP0040] DeprecationWarning: The `punycode` module is deprecated. Please use a userland alternative instead.
(Use `node --trace-deprecation ...` to show where the warning was created)
 ✓ src/test/engine/systems/rivals.test.ts (3 tests) 7ms
(node:6744) [DEP0040] DeprecationWarning: The `punycode` module is deprecated. Please use a userland alternative instead.
(Use `node --trace-deprecation ...` to show where the warning was created)
(node:6751) [DEP0040] DeprecationWarning: The `punycode` module is deprecated. Please use a userland alternative instead.
(Use `node --trace-deprecation ...` to show where the warning was created)
 ✓ src/test/engine/systems/deals.test.ts (2 tests) 7ms
 ✓ src/test/engine/generators/names.test.ts (8 tests) 7ms
(node:6784) [DEP0040] DeprecationWarning: The `punycode` module is deprecated. Please use a userland alternative instead.
(Use `node --trace-deprecation ...` to show where the warning was created)
 ✓ src/test/store/uiStore.test.ts (4 tests) 5ms
(node:6804) [DEP0040] DeprecationWarning: The `punycode` module is deprecated. Please use a userland alternative instead.
(Use `node --trace-deprecation ...` to show where the warning was created)
(node:6811) [DEP0040] DeprecationWarning: The `punycode` module is deprecated. Please use a userland alternative instead.
(Use `node --trace-deprecation ...` to show where the warning was created)
 ✓ src/test/engine/systems/culture.test.ts (4 tests) 5ms
 ✓ src/test/example.test.ts (1 test) 3ms

⎯⎯⎯⎯⎯⎯⎯ Failed Tests 6 ⎯⎯⎯⎯⎯⎯⎯

 FAIL  src/test/components/discovery/DiscoveryBoard.test.tsx > DiscoveryBoard > renders opportunity cards when there are opportunities
TestingLibraryElementError: Unable to find an element with the text: Action • FILM • high budget. This could be because the text is broken up by multiple elements. In this case, you can provide a function for your text matcher to make your matcher more flexible.

Ignored nodes: comments, script, style
[36m<body>[39m
  [36m<div>[39m
    [36m<div[39m
      [33mclass[39m=[32m"space-y-6 animate-in fade-in slide-in-from-bottom-4 duration-500"[39m
    [36m>[39m
      [36m<div[39m
        [33mclass[39m=[32m"flex items-center justify-between"[39m
      [36m>[39m
        [36m<h2[39m
          [33mclass[39m=[32m"font-display text-2xl font-black bg-clip-text text-transparent bg-gradient-to-r from-foreground to-foreground/70 tracking-tight"[39m
        [36m>[39m
          [0mDiscovery Market[0m
        [36m</h2>[39m
        [36m<button[39m
          [33mclass[39m=[32m"inline-flex items-center justify-center whitespace-nowrap text-sm ring-offset-background focus-visible:outline-none focus-visible:ring-2 focus-visible:ring-ring focus-visible:ring-offset-2 disabled:pointer-events-none disabled:opacity-50 [&_svg]:pointer-events-none [&_svg]:size-4 [&_svg]:shrink-0 bg-primary text-primary-foreground hover:bg-primary/90 h-9 rounded-md px-3 font-display gap-1.5 font-bold hover:scale-105 transition-transform active:scale-95 shadow-sm hover:shadow-[0_0_15px_rgba(234,179,8,0.3)]"[39m
        [36m>[39m
          [36m<svg[39m
            [33mclass[39m=[32m"lucide lucide-plus h-4 w-4"[39m
            [33mfill[39m=[32m"none"[39m
            [33mheight[39m=[32m"24"[39m
            [33mstroke[39m=[32m"currentColor"[39m
            [33mstroke-linecap[39m=[32m"round"[39m
            [33mstroke-linejoin[39m=[32m"round"[39m
            [33mstroke-width[39m=[32m"2"[39m
            [33mviewBox[39m=[32m"0 0 24 24"[39m
            [33mwidth[39m=[32m"24"[39m
            [33mxmlns[39m=[32m"http://www.w3.org/2000/svg"[39m
          [36m>[39m
            [36m<path[39m
              [33md[39m=[32m"M5 12h14"[39m
            [36m/>[39m
            [36m<path[39m
              [33md[39m=[32m"M12 5v14"[39m
            [36m/>[39m
          [36m</svg>[39m
          [0mCreate Original[0m
        [36m</button>[39m
      [36m</div>[39m
      [36m<div[39m
        [33mclass[39m=[32m"grid grid-cols-2 lg:grid-cols-3 gap-5"[39m
      [36m>[39m
        [36m<div[39m
          [33mclass[39m=[32m"bg-card/40 backdrop-blur-md rounded-xl border border-border/60 p-5 shadow-sm hover:shadow-xl hover:-translate-y-1 hover:border-primary/50 transition-all duration-300 flex flex-col justify-between h-full group relative overflow-hidden"[39m
        [36m>[39m
          [36m<div[39m
            [33mclass[39m=[32m"absolute inset-0 bg-gradient-to-br from-primary/5 via-transparent to-transparent opacity-0 group-hover:opacity-100 transition-opacity duration-500 pointer-events-none"[39m
          [36m/>[39m
          [36m<div[39m
            [33mclass[39m=[32m"space-y-3 relative z-10"[39m
          [36m>[39m
            [36m<div[39m
              [33mclass[39m=[32m"flex justify-between items-start gap-3"[39m
            [36m>[39m
              [36m<h3[39m
                [33mclass[39m=[32m"font-display font-bold text-foreground leading-tight group-hover:text-primary transition-colors drop-shadow-sm"[39m
                [33mtitle[39m=[32m"Action Movie"[39m
              [36m>[39m
                [0mAction Movie[0m
              [36m</h3>[39m
              [36m<span[39m
                [33mclass[39m=[32m"shrink-0 text-[10px] font-bold tracking-widest uppercase px-2 py-0.5 rounded-md bg-muted/60 border border-border/50 text-muted-foreground shadow-sm group-hover:border-primary/30 transition-colors"[39m
              [36m>[39m
                [0mscript[0m
              [36m</span>[39m
            [36m</div>[39m
            [36m<div[39m
              [33mclass[39m=[32m"flex flex-col gap-0.5"[39m
            [36m>[39m
              [36m<p[39m
                [33mclass[39m=[32m"text-xs font-medium text-muted-foreground/90"[39m
              [36m>[39m
                [0mAction[0m
                [0m [0m
                [36m<span[39m
                  [33mclass[39m=[32m"text-muted-foreground/50 mx-1"[39m
                [36m>[39m
                  [0m•[0m
                [36m</span>[39m
                [0m [0m
                [0mFILM[0m
              [36m</p>[39m
              [36m<p[39m
                [33mclass[39m=[32m"text-[11px] font-semibold text-secondary"[39m
              [36m>[39m
                [0mHIGH[0m
                [0m BUDGET[0m
              [36m</p>[39m
            [36m</div>[39m
            [36m<div[39m
              [33mclass[39m=[32m"text-xs bg-muted/30 p-2.5 rounded-md italic text-foreground/80 border-l-2 border-primary/40 leading-relaxed shadow-inner"[39m
            [36m>[39m
              [0m"[0m
              [0mExplosions everywhere.[0m
              [0m"[0m
            [36m</div>[39m
          [36m</div>[39m
          [36m<div[39m
            [33mclass[39m=[32m"mt-5 pt-3 border-t border-border/50 flex justify-between items-center relative z-10"[39m
          [36m>[39m
            [36m<div[39m
              [33mclass[39m=[32m"text-[11px] font-medium text-muted-foreground flex items-center gap-1.5"[39m
            [36m>[39m
              [36m<span[39m
                [33mclass[39m=[32m"w-1.5 h-1.5 rounded-full bg-warning animate-pulse shadow-[0_0_5px_rgba(250,204,21,0.5)]"[39m
              [36m/>[39m
              [0m5[0m
              [0m weeks left[0m
            [36m</div>[39m
            [36m<button[39m
              [33mclass[39m=[32m"inline-flex items-center justify-center gap-2 whitespace-nowrap ring-offset-background focus-visible:outline-none focus-visible:ring-2 focus-visible:ring-ring focus-visible:ring-offset-2 disabled:pointer-events-none disabled:opacity-50 [&_svg]:pointer-events-none [&_svg]:size-4 [&_svg]:shrink-0 bg-secondary text-secondary-foreground rounded-md h-8 text-[11px] px-4 font-bold hover:bg-primary hover:text-primary-foreground transition-colors hover:shadow-[0_0_10px_rgba(234,179,8,0.4)]"[39m
            [36m>[39m
              [0mAcquire[0m
            [36m</button>[39m
          [36m</div>[39m
        [36m</div>[39m
        [36m<div[39m
          [33mclass[39m=[32m"bg-card/40 backdrop-blur-md rounded-xl border border-border/60 p-5 shadow-sm hover:shadow-xl hover:-translate-y-1 hover:border-primary/50 transition-all duration-300 flex flex-col justify-between h-full group relative overflow-hidden"[39m
        [36m>[39m
          [36m<div[39m
            [33mclass[39m=[32m"absolute inset-0 bg-gradient-to-br from-primary/5 via-transparent to-transparent opacity-0 group-hover:opacity-100 transition-opacity duration-500 pointer-events-none"[39m
          [36m/>[39m
          [36m<div[39m
            [33mclass[39m=[32m"space-y-3 relative z-10"[39m
          [36m>[39m
            [36m<div[39m
              [33mclass[39m=[32m"flex justify-between items-start gap-3"[39m
            [36m>[39m
              [36m<h3[39m
                [33mclass[39m=[32m"font-display font-bold text-foreground leading-tight group-hover:text-primary transition-colors drop-shadow-sm"[39m
                [33mtitle[39m=[32m"Comedy Show"[39m
              [36m>[39m
                [0mComedy Show[0m
              [36m</h3>[39m
              [36m<span[39m
                [33mclass[39m=[32m"shrink-0 text-[10px] font-bold tracking-widest uppercase px-2 py-0.5 rounded-md bg-muted/60 border border-border/50 text-muted-foreground shadow-sm group-hover:border-primary/30 transition-colors"[39m
              [36m>[39m
                [0mpitch[0m
              [36m</span>[39m
            [36m</div>[39m
            [36m<div[39m
              [33mclass[39m=[32m"flex flex-col gap-0.5"[39m
            [36m>[39m
              [36m<p[39m
                [33mclass[39m=[32m"text-xs font-medium text-muted-foreground/90"[39m
              [36m>[39m
                [0mComedy[0m
                [0m [0m
                [36m<span[39m
                  [33mclass[39m=[32m"text-muted-foreground/50 mx-1"[39m
                [36m>[39m
                  [0m•[0m
                [36m</span>[39m
                [0m [0m
                [0mTV[0m
              [36m</p>[39m
              [36m<p[39m
                [33mclass[39m=[32m"text-[11px] font-semibold text-secondary"[39m
              [36m>[39m
                [0mLOW[0m
                [0m BUDGET[0m
              [36m</p>[39m
            [36m</div>[39m
            [36m<div[39m
              [33mclass[39m=[32m"text-xs bg-muted/30 p-2.5 rounded-md italic text-foreground/80 border-l-2 border-primary/40 leading-relaxed shadow-inner"[39m
            [36m>[39m
              [0m"[0m
              [0mLaugh out loud.[0m
              [0m"[0m
            [36m</div>[39m
          [36m</div>[39m
          [36m<div[39m
            [33mclass[39m=[32m"mt-5 pt-3 border-t border-border/50 flex justify-between items-center relative z-10"[39m
          [36m>[39m
            [36m<div[39m
              [33mclass[39m=[32m"text-[11px] font-medium text-muted-foreground flex items-center gap-1.5"[39m
            [36m>[39m
              [36m<span[39m
                [33mclass[39m=[32m"w-1.5 h-1.5 rounded-full bg-warning animate-pulse shadow-[0_0_5px_rgba(250,204,21,0.5)]"[39m
              [36m/>[39m
              [0m3[0m
              [0m weeks left[0m
            [36m</div>[39m
            [36m<button[39m
              [33mclass[39m=[32m"inline-flex items-center justify-center gap-2 whitespace-nowrap ring-offset-background focus-visible:outline-none focus-visible:ring-2 focus-visible:ring-ring focus-visible:ring-offset-2 disabled:pointer-events-none disabled:opacity-50 [&_svg]:pointer-events-none [&_svg]:size-4 [&_svg]:shrink-0 bg-secondary text-secondary-foreground rounded-md h-8 text-[11px] px-4 font-bold hover:bg-primary hover:text-primary-foreground transition-colors hover:shadow-[0_0_10px_rgba(234,179,8,0.4)]"[39m
            [36m>[39m
              [0mAcquire[0m
            [36m</button>[39m
          [36m</div>[39m
        [36m</div>[39m
      [36m</div>[39m
    [36m</div>[39m
  [36m</div>[39m
[36m</body>[39m
 ❯ Object.getElementError node_modules/@testing-library/dom/dist/config.js:37:19
 ❯ node_modules/@testing-library/dom/dist/query-helpers.js:76:38
 ❯ node_modules/@testing-library/dom/dist/query-helpers.js:52:17
 ❯ getByText node_modules/@testing-library/dom/dist/query-helpers.js:95:19
 ❯ src/test/components/discovery/DiscoveryBoard.test.tsx:101:19
     99|     expect(screen.getByText('Action Movie')).toBeDefined();
    100|     expect(screen.getByText('Comedy Show')).toBeDefined();
    101|     expect(screen.getByText('Action • FILM • high budget')).toBeDefine…
       |                   ^
    102|     expect(screen.getByText('Comedy • TV • low budget')).toBeDefined();
    103|     expect(screen.getByText('"Explosions everywhere."')).toBeDefined();

⎯⎯⎯⎯⎯⎯⎯⎯⎯⎯⎯⎯⎯⎯⎯⎯⎯⎯⎯⎯⎯⎯⎯⎯[1/6]⎯

 FAIL  src/test/components/discovery/DiscoveryBoard.test.tsx > DiscoveryBoard > calls acquireOpportunity when Acquire button is clicked on a card
AssertionError: expected "spy" to be called with arguments: [ 'opp-123' ][90m

Number of calls: [1m0[22m
[39m
 ❯ src/test/components/discovery/DiscoveryBoard.test.tsx:139:36
    137|     fireEvent.click(acquireButton);
    138|
    139|     expect(mockAcquireOpportunity).toHaveBeenCalledWith('opp-123');
       |                                    ^
    140|   });
    141| });

⎯⎯⎯⎯⎯⎯⎯⎯⎯⎯⎯⎯⎯⎯⎯⎯⎯⎯⎯⎯⎯⎯⎯⎯[2/6]⎯

 FAIL  src/test/components/talent/TalentPanel.test.tsx > TalentPanel > filters talent by role
TestingLibraryElementError: Unable to find an element with the text: DIRECTOR. This could be because the text is broken up by multiple elements. In this case, you can provide a function for your text matcher to make your matcher more flexible.

Ignored nodes: comments, script, style
[36m<body>[39m
  [36m<div>[39m
    [36m<div[39m
      [33mclass[39m=[32m"space-y-4 h-full flex flex-col animate-in fade-in slide-in-from-bottom-4 duration-500 pb-12"[39m
    [36m>[39m
      [36m<div[39m
        [33mclass[39m=[32m"flex items-center justify-between pb-2 border-b border-border/40"[39m
      [36m>[39m
        [36m<h2[39m
          [33mclass[39m=[32m"text-2xl font-display font-black tracking-tight bg-clip-text text-transparent bg-gradient-to-r from-foreground to-foreground/70 drop-shadow-sm"[39m
        [36m>[39m
          [0mTalent Roster[0m
        [36m</h2>[39m
        [36m<div[39m
          [33mclass[39m=[32m"flex gap-2 flex-wrap justify-end"[39m
        [36m>[39m
          [36m<button[39m
            [33mclass[39m=[32m"px-3.5 py-1.5 text-[10px] uppercase tracking-wider font-black rounded-full transition-all duration-300 focus-visible:outline-none focus-visible:ring-2 focus-visible:ring-ring focus-visible:ring-offset-2 ring-offset-background bg-primary text-primary-foreground shadow-[0_0_15px_rgba(234,179,8,0.4)] scale-105 border border-primary/50"[39m
          [36m>[39m
            [0mall[0m
          [36m</button>[39m
          [36m<button[39m
            [33mclass[39m=[32m"px-3.5 py-1.5 text-[10px] uppercase tracking-wider font-black rounded-full transition-all duration-300 focus-visible:outline-none focus-visible:ring-2 focus-visible:ring-ring focus-visible:ring-offset-2 ring-offset-background bg-muted/50 text-muted-foreground hover:bg-secondary/20 hover:text-foreground hover:-translate-y-0.5 border border-transparent hover:border-secondary/30"[39m
          [36m>[39m
            [0mactor[0m
          [36m</button>[39m
          [36m<button[39m
            [33mclass[39m=[32m"px-3.5 py-1.5 text-[10px] uppercase tracking-wider font-black rounded-full transition-all duration-300 focus-visible:outline-none focus-visible:ring-2 focus-visible:ring-ring focus-visible:ring-offset-2 ring-offset-background bg-muted/50 text-muted-foreground hover:bg-secondary/20 hover:text-foreground hover:-translate-y-0.5 border border-transparent hover:border-secondary/30"[39m
          [36m>[39m
            [0mdirector[0m
          [36m</button>[39m
          [36m<button[39m
            [33mclass[39m=[32m"px-3.5 py-1.5 text-[10px] uppercase tracking-wider font-black rounded-full transition-all duration-300 focus-visible:outline-none focus-visible:ring-2 focus-visible:ring-ring focus-visible:ring-offset-2 ring-offset-background bg-muted/50 text-muted-foreground hover:bg-secondary/20 hover:text-foreground hover:-translate-y-0.5 border border-transparent hover:border-secondary/30"[39m
          [36m>[39m
            [0mwriter[0m
          [36m</button>[39m
          [36m<button[39m
            [33mclass[39m=[32m"px-3.5 py-1.5 text-[10px] uppercase tracking-wider font-black rounded-full transition-all duration-300 focus-visible:outline-none focus-visible:ring-2 focus-visible:ring-ring focus-visible:ring-offset-2 ring-offset-background bg-muted/50 text-muted-foreground hover:bg-secondary/20 hover:text-foreground hover:-translate-y-0.5 border border-transparent hover:border-secondary/30"[39m
          [36m>[39m
            [0mproducer[0m
          [36m</button>[39m
          [36m<button[39m
            [33mclass[39m=[32m"px-3.5 py-1.5 text-[10px] uppercase tracking-wider font-black rounded-full transition-all duration-300 focus-visible:outline-none focus-visible:ring-2 focus-visible:ring-ring focus-visible:ring-offset-2 ring-offset-background bg-muted/50 text-muted-foreground hover:bg-secondary/20 hover:text-foreground hover:-translate-y-0.5 border border-transparent hover:border-secondary/30"[39m
          [36m>[39m
            [0mshowrunner[0m
          [36m</button>[39m
        [36m</div>[39m
      [36m</div>[39m
      [36m<div[39m
        [33mclass[39m=[32m"grid grid-cols-1 md:grid-cols-2 lg:grid-cols-3 xl:grid-cols-4 gap-4 overflow-y-auto pb-6 custom-scrollbar pr-2"[39m
      [36m>[39m
        [36m<div[39m
          [33mclass[39m=[32m"p-4 rounded-xl border border-primary/50 shadow-[0_0_20px_rgba(234,179,8,0.15)] bg-card/80 bg-gradient-to-br from-primary/10 to-transparent backdrop-blur-md hover:shadow-[0_8px_30px_rgb(0,0,0,0.12)] hover:border-primary/50 hover:-translate-y-1 transition-all duration-300 space-y-3.5 group relative overflow-hidden cursor-pointer"[39m
        [36m>[39m
          [36m<div[39m
            [33mclass[39m=[32m"absolute inset-0 bg-gradient-to-br from-primary/5 via-transparent to-transparent opacity-0 group-hover:opacity-100 transition-opacity duration-500 pointer-events-none"[39m
          [36m/>[39m
          [36m<div[39m
            [33mclass[39m=[32m"flex items-start justify-between gap-2 relative z-10"[39m
          [36m>[39m
            [36m<div[39m
              [33mclass[39m=[32m"flex flex-col gap-1"[39m
            [36m>[39m
              [36m<h4[39m
                [33mclass[39m=[32m"font-display font-bold text-[15px] text-foreground leading-tight group-hover:text-primary transition-colors drop-shadow-sm"[39m
              [36m>[39m
                [0mTom Hanks[0m
              [36m</h4>[39m
              [36m<div[39m
                [33mclass[39m=[32m"flex flex-wrap gap-1.5"[39m
              [36m>[39m
                [36m<span[39m
                  [33mclass[39m=[32m"text-[9px] font-black tracking-widest text-secondary uppercase drop-shadow-[0_0_2px_rgba(255,161,22,0.4)]"[39m
                [36m>[39m
                  [0ma-list[0m
                [36m</span>[39m
                [36m<span[39m
                  [33mclass[39m=[32m"text-[9px] font-bold tracking-widest text-muted-foreground/80 uppercase bg-background/50 backdrop-blur-sm px-1.5 py-0.5 rounded border border-border/40 shadow-sm group-hover:border-primary/20 transition-colors"[39m
                [36m>[39m
                  [0mCAA[0m
                [36m</span>[39m
              [36m</div>[39m
            [36m</div>[39m
            [36m<div[39m
              [33mclass[39m=[32m"inline-flex items-center rounded-full border px-2.5 py-0.5 focus:outline-none focus:ring-2 focus:ring-ring focus:ring-offset-2 text-[9px] font-black tracking-widest uppercase shrink-0 bg-background/80 backdrop-blur-md border-border/50 text-foreground/80 group-hover:border-primary/30 transition-colors shadow-sm"[39m
            [36m>[39m
              [0mactor[0m
            [36m</div>[39m
          [36m</div>[39m
          [36m<div[39m
            [33mclass[39m=[32m"grid grid-cols-2 gap-3 text-xs pt-3 border-t border-border/40 relative z-10"[39m
          [36m>[39m
            [36m<div[39m
              [33mclass[39m=[32m"space-y-1"[39m
            [36m>[39m
              [36m<div[39m
                [33mclass[39m=[32m"text-[10px] uppercase font-bold tracking-wider text-mute...
 ❯ Object.getElementError node_modules/@testing-library/dom/dist/config.js:37:19
 ❯ node_modules/@testing-library/dom/dist/query-helpers.js:76:38
 ❯ node_modules/@testing-library/dom/dist/query-helpers.js:52:17
 ❯ getByText node_modules/@testing-library/dom/dist/query-helpers.js:95:19
 ❯ src/test/components/talent/TalentPanel.test.tsx:65:28
     63|
     64|     // Filter by director
     65|     fireEvent.click(screen.getByText('DIRECTOR'));
       |                            ^
     66|
     67|     expect(screen.queryByText('Tom Hanks')).not.toBeInTheDocument();

⎯⎯⎯⎯⎯⎯⎯⎯⎯⎯⎯⎯⎯⎯⎯⎯⎯⎯⎯⎯⎯⎯⎯⎯[3/6]⎯

 FAIL  src/test/components/talent/TalentPanel.test.tsx > TalentPanel > shows empty state when no talent matches filter
TestingLibraryElementError: Unable to find an element with the text: WRITER. This could be because the text is broken up by multiple elements. In this case, you can provide a function for your text matcher to make your matcher more flexible.

Ignored nodes: comments, script, style
[36m<body>[39m
  [36m<div>[39m
    [36m<div[39m
      [33mclass[39m=[32m"space-y-4 h-full flex flex-col animate-in fade-in slide-in-from-bottom-4 duration-500 pb-12"[39m
    [36m>[39m
      [36m<div[39m
        [33mclass[39m=[32m"flex items-center justify-between pb-2 border-b border-border/40"[39m
      [36m>[39m
        [36m<h2[39m
          [33mclass[39m=[32m"text-2xl font-display font-black tracking-tight bg-clip-text text-transparent bg-gradient-to-r from-foreground to-foreground/70 drop-shadow-sm"[39m
        [36m>[39m
          [0mTalent Roster[0m
        [36m</h2>[39m
        [36m<div[39m
          [33mclass[39m=[32m"flex gap-2 flex-wrap justify-end"[39m
        [36m>[39m
          [36m<button[39m
            [33mclass[39m=[32m"px-3.5 py-1.5 text-[10px] uppercase tracking-wider font-black rounded-full transition-all duration-300 focus-visible:outline-none focus-visible:ring-2 focus-visible:ring-ring focus-visible:ring-offset-2 ring-offset-background bg-primary text-primary-foreground shadow-[0_0_15px_rgba(234,179,8,0.4)] scale-105 border border-primary/50"[39m
          [36m>[39m
            [0mall[0m
          [36m</button>[39m
          [36m<button[39m
            [33mclass[39m=[32m"px-3.5 py-1.5 text-[10px] uppercase tracking-wider font-black rounded-full transition-all duration-300 focus-visible:outline-none focus-visible:ring-2 focus-visible:ring-ring focus-visible:ring-offset-2 ring-offset-background bg-muted/50 text-muted-foreground hover:bg-secondary/20 hover:text-foreground hover:-translate-y-0.5 border border-transparent hover:border-secondary/30"[39m
          [36m>[39m
            [0mactor[0m
          [36m</button>[39m
          [36m<button[39m
            [33mclass[39m=[32m"px-3.5 py-1.5 text-[10px] uppercase tracking-wider font-black rounded-full transition-all duration-300 focus-visible:outline-none focus-visible:ring-2 focus-visible:ring-ring focus-visible:ring-offset-2 ring-offset-background bg-muted/50 text-muted-foreground hover:bg-secondary/20 hover:text-foreground hover:-translate-y-0.5 border border-transparent hover:border-secondary/30"[39m
          [36m>[39m
            [0mdirector[0m
          [36m</button>[39m
          [36m<button[39m
            [33mclass[39m=[32m"px-3.5 py-1.5 text-[10px] uppercase tracking-wider font-black rounded-full transition-all duration-300 focus-visible:outline-none focus-visible:ring-2 focus-visible:ring-ring focus-visible:ring-offset-2 ring-offset-background bg-muted/50 text-muted-foreground hover:bg-secondary/20 hover:text-foreground hover:-translate-y-0.5 border border-transparent hover:border-secondary/30"[39m
          [36m>[39m
            [0mwriter[0m
          [36m</button>[39m
          [36m<button[39m
            [33mclass[39m=[32m"px-3.5 py-1.5 text-[10px] uppercase tracking-wider font-black rounded-full transition-all duration-300 focus-visible:outline-none focus-visible:ring-2 focus-visible:ring-ring focus-visible:ring-offset-2 ring-offset-background bg-muted/50 text-muted-foreground hover:bg-secondary/20 hover:text-foreground hover:-translate-y-0.5 border border-transparent hover:border-secondary/30"[39m
          [36m>[39m
            [0mproducer[0m
          [36m</button>[39m
          [36m<button[39m
            [33mclass[39m=[32m"px-3.5 py-1.5 text-[10px] uppercase tracking-wider font-black rounded-full transition-all duration-300 focus-visible:outline-none focus-visible:ring-2 focus-visible:ring-ring focus-visible:ring-offset-2 ring-offset-background bg-muted/50 text-muted-foreground hover:bg-secondary/20 hover:text-foreground hover:-translate-y-0.5 border border-transparent hover:border-secondary/30"[39m
          [36m>[39m
            [0mshowrunner[0m
          [36m</button>[39m
        [36m</div>[39m
      [36m</div>[39m
      [36m<div[39m
        [33mclass[39m=[32m"grid grid-cols-1 md:grid-cols-2 lg:grid-cols-3 xl:grid-cols-4 gap-4 overflow-y-auto pb-6 custom-scrollbar pr-2"[39m
      [36m>[39m
        [36m<div[39m
          [33mclass[39m=[32m"p-4 rounded-xl border border-primary/50 shadow-[0_0_20px_rgba(234,179,8,0.15)] bg-card/80 bg-gradient-to-br from-primary/10 to-transparent backdrop-blur-md hover:shadow-[0_8px_30px_rgb(0,0,0,0.12)] hover:border-primary/50 hover:-translate-y-1 transition-all duration-300 space-y-3.5 group relative overflow-hidden cursor-pointer"[39m
        [36m>[39m
          [36m<div[39m
            [33mclass[39m=[32m"absolute inset-0 bg-gradient-to-br from-primary/5 via-transparent to-transparent opacity-0 group-hover:opacity-100 transition-opacity duration-500 pointer-events-none"[39m
          [36m/>[39m
          [36m<div[39m
            [33mclass[39m=[32m"flex items-start justify-between gap-2 relative z-10"[39m
          [36m>[39m
            [36m<div[39m
              [33mclass[39m=[32m"flex flex-col gap-1"[39m
            [36m>[39m
              [36m<h4[39m
                [33mclass[39m=[32m"font-display font-bold text-[15px] text-foreground leading-tight group-hover:text-primary transition-colors drop-shadow-sm"[39m
              [36m>[39m
                [0mTom Hanks[0m
              [36m</h4>[39m
              [36m<div[39m
                [33mclass[39m=[32m"flex flex-wrap gap-1.5"[39m
              [36m>[39m
                [36m<span[39m
                  [33mclass[39m=[32m"text-[9px] font-black tracking-widest text-secondary uppercase drop-shadow-[0_0_2px_rgba(255,161,22,0.4)]"[39m
                [36m>[39m
                  [0ma-list[0m
                [36m</span>[39m
                [36m<span[39m
                  [33mclass[39m=[32m"text-[9px] font-bold tracking-widest text-muted-foreground/80 uppercase bg-background/50 backdrop-blur-sm px-1.5 py-0.5 rounded border border-border/40 shadow-sm group-hover:border-primary/20 transition-colors"[39m
                [36m>[39m
                  [0mCAA[0m
                [36m</span>[39m
              [36m</div>[39m
            [36m</div>[39m
            [36m<div[39m
              [33mclass[39m=[32m"inline-flex items-center rounded-full border px-2.5 py-0.5 focus:outline-none focus:ring-2 focus:ring-ring focus:ring-offset-2 text-[9px] font-black tracking-widest uppercase shrink-0 bg-background/80 backdrop-blur-md border-border/50 text-foreground/80 group-hover:border-primary/30 transition-colors shadow-sm"[39m
            [36m>[39m
              [0mactor[0m
            [36m</div>[39m
          [36m</div>[39m
          [36m<div[39m
            [33mclass[39m=[32m"grid grid-cols-2 gap-3 text-xs pt-3 border-t border-border/40 relative z-10"[39m
          [36m>[39m
            [36m<div[39m
              [33mclass[39m=[32m"space-y-1"[39m
            [36m>[39m
              [36m<div[39m
                [33mclass[39m=[32m"text-[10px] uppercase font-bold tracking-wider text-mute...
 ❯ Object.getElementError node_modules/@testing-library/dom/dist/config.js:37:19
 ❯ node_modules/@testing-library/dom/dist/query-helpers.js:76:38
 ❯ node_modules/@testing-library/dom/dist/query-helpers.js:52:17
 ❯ getByText node_modules/@testing-library/dom/dist/query-helpers.js:95:19
 ❯ src/test/components/talent/TalentPanel.test.tsx:74:28
     72|     render(<TalentPanel />);
     73|
     74|     fireEvent.click(screen.getByText('WRITER'));
       |                            ^
     75|
     76|     expect(screen.getByText('No talent found matching this filter.')).…

⎯⎯⎯⎯⎯⎯⎯⎯⎯⎯⎯⎯⎯⎯⎯⎯⎯⎯⎯⎯⎯⎯⎯⎯[4/6]⎯

 FAIL  src/test/engine/systems/buyers.test.ts > buyers system > Guild Auditor: Edge Cases > calculates fit score correctly with empty project history
AssertionError: expected 65 to be 50 // Object.is equality

[32m- Expected[39m
[31m+ Received[39m

[32m- 50[39m
[31m+ 65[39m

 ❯ src/test/engine/systems/buyers.test.ts:51:21
     49|       vi.spyOn(Math, 'random').mockReturnValue(0.5);
     50|       const score = calculateFitScore(mockProject, mockBuyer, 50, []);
     51|       expect(score).toBe(50);
       |                     ^
     52|     });
     53|   });

⎯⎯⎯⎯⎯⎯⎯⎯⎯⎯⎯⎯⎯⎯⎯⎯⎯⎯⎯⎯⎯⎯⎯⎯[5/6]⎯

 FAIL  src/test/engine/systems/greenlight.test.ts > evaluateGreenlight > Base Scoring Mechanics > doubles penalty for oversaturated Superhero genre
AssertionError: expected false to be true // Object.is equality

[32m- Expected[39m
[31m+ Received[39m

[32m- true[39m
[31m+ false[39m

 ❯ src/test/engine/systems/greenlight.test.ts:113:68
    111|       // Base 50 + 15 (talent) - 90 = -25 => clamped to 0
    112|       expect(report.score).toBe(0);
    113|       expect(report.negatives.some(n => n.includes('-90 points'))).toB…
       |                                                                    ^
    114|     });
    115|

⎯⎯⎯⎯⎯⎯⎯⎯⎯⎯⎯⎯⎯⎯⎯⎯⎯⎯⎯⎯⎯⎯⎯⎯[6/6]⎯

⎯⎯⎯⎯⎯⎯ Unhandled Errors ⎯⎯⎯⎯⎯⎯

Vitest caught 1 unhandled error during the test run.
This might cause false positive tests. Resolve unhandled errors to make sure your tests are not affected.

⎯⎯⎯⎯⎯ Uncaught Exception ⎯⎯⎯⎯⎯
TypeError: acquireOpportunity is not a function
 ❯ onClick src/components/discovery/DiscoveryBoard.tsx:69:214

 ❯ HTMLUnknownElement.callCallback node_modules/react-dom/cjs/react-dom.development.js:4164:14
 ❯ HTMLUnknownElement.callTheUserObjectsOperation node_modules/jsdom/lib/jsdom/living/generated/EventListener.js:26:30
 ❯ innerInvokeEventListeners node_modules/jsdom/lib/jsdom/living/events/EventTarget-impl.js:350:25
 ❯ invokeEventListeners node_modules/jsdom/lib/jsdom/living/events/EventTarget-impl.js:286:3
 ❯ HTMLUnknownElementImpl._dispatch node_modules/jsdom/lib/jsdom/living/events/EventTarget-impl.js:233:9
 ❯ HTMLUnknownElementImpl.dispatchEvent node_modules/jsdom/lib/jsdom/living/events/EventTarget-impl.js:104:17
 ❯ HTMLUnknownElement.dispatchEvent node_modules/jsdom/lib/jsdom/living/generated/EventTarget.js:241:34
 ❯ Object.invokeGuardedCallbackDev node_modules/react-dom/cjs/react-dom.development.js:4213:16
 ❯ invokeGuardedCallback node_modules/react-dom/cjs/react-dom.development.js:4277:31

This error originated in "src/test/components/discovery/DiscoveryBoard.test.tsx" test file. It doesn't mean the error was thrown inside the file itself, but while it was running.
The latest test that might've caused the error is "calls acquireOpportunity when Acquire button is clicked on a card". It might mean one of the following:
- The error was thrown, while Vitest was running this test.
- If the error occurred after the test had been completed, this was the last documented test before it was thrown.
⎯⎯⎯⎯⎯⎯⎯⎯⎯⎯⎯⎯⎯⎯⎯⎯⎯⎯⎯⎯⎯⎯⎯⎯⎯⎯⎯⎯⎯⎯


 Test Files  4 failed | 37 passed (41)
      Tests  6 failed | 347 passed (353)
     Errors  1 error
   Start at  07:58:27
   Duration  18.15s (transform 1.45s, setup 3.49s, collect 7.19s, tests 6.25s, environment 23.06s, prepare 4.93s)
